PS C:\Users\sudip\Downloads\DU-CS\Year I\Semester I\C++\Other\04-11-2019\exceptionHandling> .\main
1/2
Quotient: 1 / 2 = 0.50
Throw (1) int (2) float (3) char: 1
Exception: Integer 1 returned.

PS C:\Users\sudip\Downloads\DU-CS\Year I\Semester I\C++\Other\04-11-2019\exceptionHandling> .\main
8+7
Sum: 8 + 7 = 15
Throw (1) int (2) float (3) char: 2
Exception: Float 1 returned.

PS C:\Users\sudip\Downloads\DU-CS\Year I\Semester I\C++\Other\04-11-2019\exceptionHandling> .\main
1-3
Difference: |1 - 3| = 2
Throw (1) int (2) float (3) char: 3
Exception: An exception has occurred.

PS C:\Users\sudip\Downloads\DU-CS\Year I\Semester I\C++\Other\04-11-2019\exceptionHandling> .\main
5/0
DivByZeroError: Division by zero was attempted.

PS C:\Users\sudip\Downloads\DU-CS\Year I\Semester I\C++\Other\04-11-2019\exceptionHandling> .\main
1/-1
DivByNegError: Division by a negative integer was attempted.

PS C:\Users\sudip\Downloads\DU-CS\Year I\Semester I\C++\Other\04-11-2019\exceptionHandling> .\main
1%2
BadOperatorError: Operator behaviour not defined.